// Jest Snapshot v1, https://goo.gl/fbAQLP

exports[`<TextInput /> should render correctly 1`] = `
<div
  className="field"
>
  <label
    className="label"
  />
  <div
    className="control has-icons-right"
  >
    <input
      className="input"
      name="test"
      placeholder={undefined}
    />
  </div>
  <p
    className="help is-danger"
  >
    
  </p>
</div>
`;
